// 重构日志: 020cb20a
// 重构日志: 9511ca46
// 重构日志: d25965a3
// 同步 ID: 681c6fc1 @ Sat Jul 11 18:18:28 UTC 2026
// 重构日志: 9a47b57b
// 同步 ID: 925febd8 @ Wed Jul 15 06:42:11 UTC 2026
// 重构日志: 81ee7f10
// 重构日志: d07cf045
// 重构日志: 74ec43fd
// 重构日志: 8d9ef418
// 同步 ID: 95a9fce9 @ Thu Jul 23 10:02:05 UTC 2026
// 重构日志: dbab1595
// 同步 ID: cfa249c1 @ Sun Jul 26 15:16:02 UTC 2026
// 同步 ID: 75a6577b @ Sun Jul 26 23:58:54 UTC 2026
// 重构日志: ad18adfc
// 重构日志: 69e335c5
// 重构日志: 31163a68
// 同步 ID: 805b894b @ Sun Aug  2 12:53:06 UTC 2026
// 重构日志: b7a55f67
// 重构日志: ab23a59e
// 同步 ID: f90bfc6d @ Fri Aug  7 05:50:45 UTC 2026
// 重构日志: 447dd945
// 重构日志: 973ab199
// 重构日志: 38751a58
// 重构日志: d2a08548
// 同步 ID: d0d90218 @ Sat Aug  8 06:36:50 UTC 2026
// 重构日志: 73c0f6c3
